C:\Users\Deivis\Desktop\Web_ProyectoFinal\src\main\java\config\Conexion.java
C:\Users\Deivis\Desktop\Web_ProyectoFinal\src\main\java\controller\AdminDashboardController.java
C:\Users\Deivis\Desktop\Web_ProyectoFinal\src\main\java\controller\CerrarSesion.java
C:\Users\Deivis\Desktop\Web_ProyectoFinal\src\main\java\controller\CuentaController.java
C:\Users\Deivis\Desktop\Web_ProyectoFinal\src\main\java\controller\EditarInfoController.java
C:\Users\Deivis\Desktop\Web_ProyectoFinal\src\main\java\controller\EliminarCuentaController.java
C:\Users\Deivis\Desktop\Web_ProyectoFinal\src\main\java\controller\GestionarAdminsController.java
C:\Users\Deivis\Desktop\Web_ProyectoFinal\src\main\java\controller\GestionarClientesController.java
C:\Users\Deivis\Desktop\Web_ProyectoFinal\src\main\java\controller\GestionarProductosController.java
C:\Users\Deivis\Desktop\Web_ProyectoFinal\src\main\java\controller\GestionarVentasController.java
C:\Users\Deivis\Desktop\Web_ProyectoFinal\src\main\java\controller\ImageServer.java
C:\Users\Deivis\Desktop\Web_ProyectoFinal\src\main\java\controller\LoginController.java
C:\Users\Deivis\Desktop\Web_ProyectoFinal\src\main\java\controller\MisFavoritosController.java
C:\Users\Deivis\Desktop\Web_ProyectoFinal\src\main\java\controller\MisPedidosController.java
C:\Users\Deivis\Desktop\Web_ProyectoFinal\src\main\java\controller\MisTarjetasController.java
C:\Users\Deivis\Desktop\Web_ProyectoFinal\src\main\java\controller\RegistroController.java
C:\Users\Deivis\Desktop\Web_ProyectoFinal\src\main\java\dao\CategoriaDAO.java
C:\Users\Deivis\Desktop\Web_ProyectoFinal\src\main\java\dao\PedidoDAO.java
C:\Users\Deivis\Desktop\Web_ProyectoFinal\src\main\java\dao\ProductoDAO.java
C:\Users\Deivis\Desktop\Web_ProyectoFinal\src\main\java\dao\UsuarioDAO.java
C:\Users\Deivis\Desktop\Web_ProyectoFinal\src\main\java\model\Categoria.java
C:\Users\Deivis\Desktop\Web_ProyectoFinal\src\main\java\model\Pedido.java
C:\Users\Deivis\Desktop\Web_ProyectoFinal\src\main\java\model\Producto.java
C:\Users\Deivis\Desktop\Web_ProyectoFinal\src\main\java\model\Usuario.java
